.venv/bin/python -m pytest -ra
============================= test session starts ==============================
platform linux -- Python 3.13.5, pytest-9.0.2, pluggy-1.5.0
rootdir: /home/dev_00/sharedfolder/260320_Syw2plus/Syw2plus_patch
configfile: pyproject.toml
testpaths: patches, tests
plugins: anyio-4.12.1, asyncio-1.3.0, cov-7.0.0
asyncio: mode=Mode.STRICT, debug=False, asyncio_default_fixture_loop_scope=None, asyncio_default_test_loop_scope=function
collected 279 items

patches/population/test_fixed_supply_5000.py ..........                  [  3%]
patches/resolution/test_dxwrapper_config.py ......                       [  5%]
patches/resolution/test_qhd_probe.py ....                                [  7%]
tests/test_binary_contract.py .............                              [ 11%]
tests/test_compare_g1_stage_b.py ..............                          [ 16%]
tests/test_direct_draw_abi.py ......                                     [ 18%]
tests/test_g1_presentation_trace.py ............                         [ 23%]
tests/test_loop_context.py ........                                      [ 26%]
tests/test_model_routing.py .................                            [ 32%]
tests/test_patch_loop.py .........                                       [ 35%]
tests/test_project_setup.py ...........                                  [ 39%]
tests/test_review_probe_output.py ........                               [ 42%]
tests/test_runtime_env.py .............................................. [ 58%]
........................................................................ [ 84%]
..........................                                               [ 93%]
tests/test_runtime_evidence.py .......                                   [ 96%]
tests/test_runtime_guards.py ....                                        [ 97%]
tests/test_setup_diagnostics.py ....                                     [ 99%]
tests/test_win32_close.py ..                                             [100%]

============================= 279 passed in 46.25s =============================
.venv/bin/python -m ruff check patches tools tests checks
All checks passed!
.venv/bin/python -m compileall -q patches tools tests checks
.venv/bin/python -m mypy patches/population/fixed_supply_5000.py patches/population/runtime_driver.py patches/population/build_runtime_bridge.py tools/check_setup.py tools/runtime_env.py tools/check_runtime_evidence.py tools/check_g1_presentation_trace.py tools/compare_g1_stage_b.py checks/context_limits.py checks/safety.py --follow-imports=skip
Success: no issues found in 10 source files
.venv/bin/python checks/context_limits.py
CONTEXT_PASS
